
[1m[46m RUN [49m[22m [36mv4.1.2 [39m[90mC:/Users/user/OneDrive/Desktop/Web programming/PrivGuard[39m

node.exe : 
[90mstderr[2m | src/__te
sts__/cryptoStorage.test.j
s[2m > 
[22m[2mcryptoStorage - 
LocalStorage Quota & 
Integrity Edge Cases[2m 
> [22m[2mshould 
gracefully handle 
DOMException: 
QuotaExceededError when 
saving large generic 
payload images
At line:1 char:1
+ & "C:\Program 
Files\nodejs/node.exe" 
"C:\Program 
Files\nodejs/node_mo ...
+ ~~~~~~~~~~~~~~~~~~~~~~~~
~~~~~~~~~~~~~~~~~~~~~~~~~~
~~~~~~~~~~~~~~~~~~~
    + CategoryInfo        
      : NotSpecified: (  
  [90mstderr[2m... pay   
 load images:String) [    
], RemoteException
    + FullyQualifiedError 
   Id : NativeCommandErr  
  or
 
[22m[39mFailed to 
encrypt and save item 
DOMException {}

[90mstderr[2m | src/__te
sts__/cryptoStorage.test.j
s[2m > 
[22m[2mcryptoStorage - 
LocalStorage Quota & 
Integrity Edge Cases[2m 
> [22m[2mshould skip 
corrupted or 
un-decryptable JSON 
components natively 
returning only cleanly 
valid items
[22m[39mFailed to 
encrypt and save item 
DOMException {}

[90mstderr[2m | src/__te
sts__/cryptoStorage.test.j
s[2m > 
[22m[2mcryptoStorage - 
LocalStorage Quota & 
Integrity Edge Cases[2m 
> [22m[2mshould skip 
corrupted or 
un-decryptable JSON 
components natively 
returning only cleanly 
valid items
[22m[39mFailed to load 
items DOMException {}

 [31mΓ¥»[39m src/__tests__/cryptoStorage.test.js [2m([22m[2m2 tests[22m[2m | [22m[31m1 failed[39m[2m)[22m[32m 122[2mms[22m[39m
     [32mΓ£ô[39m should gracefully handle DOMException: QuotaExceededError when saving large generic payload images[32m 109[2mms[22m[39m
[31m     [31m├ù[31m should skip corrupted or un-decryptable JSON components natively returning only cleanly valid items[39m[32m 11[2mms[22m[39m

[31mΓÄ»ΓÄ»ΓÄ»ΓÄ»ΓÄ»ΓÄ»ΓÄ»
[39m[1m[41m Failed 
Tests 1 [49m[22m[31mΓÄ»
ΓÄ»ΓÄ»ΓÄ»ΓÄ»ΓÄ»ΓÄ»[39m

[41m[1m FAIL [22m[49m 
src/__tests__/cryptoStorag
e.test.js[2m > 
[22mcryptoStorage - 
LocalStorage Quota & 
Integrity Edge Cases[2m 
> [22mshould skip 
corrupted or 
un-decryptable JSON 
components natively 
returning only cleanly 
valid items
[31m[1mAssertionError[2
2m: expected [] to have a 
length of 1 but got 
+0[39m

[32m- Expected[39m
[31m+ Received[39m

[32m- 1[39m
[31m+ 0[39m

[36m [2mΓ¥»[22m src/__t
ests__/cryptoStorage.test.
js:[2m41:23[22m[39m
    [90m 39|[39m
    [90m 40|[39m        
 // Assert only the 
completely clean element 
successfully rendeΓÇª
    [90m 41|[39m        
 [34mexpect[39m(items)[
33m.[39m[34mtoHaveLength
[39m([34m1[39m)[33m;[
39m
    [90m   |[39m        
               [31m^[39m
    [90m 42|[39m        
 [34mexpect[39m(items[[
34m0[39m][33m.[39mid)[
33m.[39m[34mtoBe[39m([
34m100[39m)[33m;[39m
    [90m 43|[39m

[31m[2mΓÄ»ΓÄ»ΓÄ»ΓÄ»ΓÄ»ΓÄ
»ΓÄ»ΓÄ»ΓÄ»ΓÄ»ΓÄ»ΓÄ»ΓÄ»ΓÄ»Γ
Ä»ΓÄ»ΓÄ»ΓÄ»ΓÄ»ΓÄ»ΓÄ»ΓÄ»ΓÄ»
ΓÄ»[1/1]ΓÄ»[22m[39m


[2m Test Files [22m [1m[31m1 failed[39m[22m[90m (1)[39m
[2m      Tests [22m [1m[31m1 failed[39m[22m[2m | [22m[1m[32m1 passed[39m[22m[90m (2)[39m
[2m   Start at [22m 02:48:51
[2m   Duration [22m 2.18s[2m (transform 67ms, setup 209ms, import 56ms, tests 122ms, environment 1.53s)[22m

